[[385.21158   0.      397.9825 ]
 [  0.      383.55414 295.58102]
 [  0.        0.        1.     ]]
Updating...
